Microchip MPLAB XC8 Compiler V2.40

Linker command line:

-W-3 \
  --edf=C:\Program Files\Microchip\xc8\v2.40\pic\dat\20220703182018_en.msgs \
  -cn -h+dist/default/production\LabD2_2.X.production.sym \
  --cmf=dist/default/production\LabD2_2.X.production.cmf -z -Q16F887 \
  -oC:\Users\schwe\AppData\Local\Temp\xcAsbp8.4 --defsym=__MPLAB_BUILD=1 \
  --fixupoverflow=error -Mdist/default/production/LabD2_2.X.production.map \
  --md=C:\Users\schwe\AppData\Local\Temp\xcAsbp8.dat -E1 -ver=XC8 Compiler \
  --acfsm=1493 -ACODE=00h-07FFhx4 -ASTRCODE=00h-01FFFh -ASTRING=00h-0FFhx32 \
  -ACONST=00h-0FFhx32 -AENTRY=00h-0FFhx32 -ACOMMON=070h-07Fh \
  -ABANK0=020h-06Fh -ABANK1=0A0h-0EFh -ABANK2=0110h-016Fh \
  -ABANK3=0190h-01EFh -ARAM=020h-06Fh,0A0h-0EFh,0110h-016Fh,0190h-01EFh \
  -AABS1=020h-07Fh,0A0h-0EFh,0110h-016Fh,0190h-01EFh -ASFR0=00h-01Fh \
  -ASFR1=080h-09Fh -ASFR2=0100h-010Fh -ASFR3=0180h-018Fh \
  -ACONFIG=02007h-02008h -DCONFIG=2 -AIDLOC=02000h-02003h -DIDLOC=2 \
  -AEEDATA=00h-0FFh/02100h -peeprom_data=EEDATA -DEEDATA=2 -DCODE=2 \
  -DSTRCODE=2 -DSTRING=2 -DCONST=2 -DENTRY=2 \
  -preset_vec=00h,intentry=04h,init,end_init -ppowerup=CODE -pcinit=CODE \
  -pfunctab=ENTRY -k C:\Users\schwe\AppData\Local\Temp\xcAsbp8.o \
  dist/default/production\LabD2_2.X.production.o 

Object code version is 3.11

Machine type is 16F887



                Name                               Link     Load   Length Selector   Space Scale
C:\Users\schwe\AppData\Local\Temp\xcAsbp8.o
                end_init                             12       12        3        8       0
                reset_vec                             0        0        3        0       0
                config                             2007     2007        2        0       4
                idloc                              2000     2000        4        0       5
dist/default/production\LabD2_2.X.production.o
                cinit                                15       15       1D        8       0
                intentry                              4        4        E        8       0
                config                             2007     2007        2        0       4
                idloc                              2000     2000        4        0       5
                text23                              3D2      3D2       9D        8       0
                text22                              736      736       46      CA6       0
                text21                              6A2      6A2       4C      CA6       0
                text20                              EF7      EF7        A     1DEE       0
                text19                              77C      77C       44      CA6       0
                text18                              F8B      F8B       3A     1F16       0
                text17                              222      222       DA        8       0
                text16                              46F      46F       85        8       0
                text15                              7C0      7C0       3C      CA6       0
                text14                              F2A      F2A       19     1E54       0
                text13                              EF0      EF0        7     1DE0       0
                text12                              653      653       4F      CA6       0
                text11                              F43      F43       22     1E86       0
                text10                              F12      F12       18     1E24       0
                text9                               4F4      4F4       66        8       0
                text8                               F01      F01       11     1E02       0
                text7                               F65      F65       26     1ECA       0
                text6                               FC5      FC5       3B     1F8A       0
                text5                               2FC      2FC       D6        8       0
                text4                               5B9      5B9       42        8       0
                text3                               55A      55A       5F        8       0
                text2                               6EE      6EE       48      CA6       0
                text1                               136      136       EC        8       0
                maintext                             32       32      104        8       0
                cstackBANK0                          20       20       27       20       1
                cstackCOMMON                         70       70        E       70       1
                cstackBANK1                          A0       A0       16       A0       1
                bssBANK1                             B6       B6        7       A0       1
                dataBANK0                            4F       4F        1       20       1
                bssBANK0                             47       47        8       20       1
                strings                             600      600       53      C00       0
                idataBANK0                          7FC      7FC        1      CA6       0

TOTAL           Name                               Link     Load   Length     Space
        CLASS   CODE           
                end_init                             12       12        3         0
                cinit                                15       15       1D         0
                intentry                              4        4        E         0
                reset_vec                             0        0        3         0
                text23                              3D2      3D2       9D         0
                text22                              736      736       46         0
                text21                              6A2      6A2       4C         0
                text20                              EF7      EF7        A         0
                text19                              77C      77C       44         0
                text18                              F8B      F8B       3A         0
                text17                              222      222       DA         0
                text16                              46F      46F       85         0
                text15                              7C0      7C0       3C         0
                text14                              F2A      F2A       19         0
                text13                              EF0      EF0        7         0
                text12                              653      653       4F         0
                text11                              F43      F43       22         0
                text10                              F12      F12       18         0
                text9                               4F4      4F4       66         0
                text8                               F01      F01       11         0
                text7                               F65      F65       26         0
                text6                               FC5      FC5       3B         0
                text5                               2FC      2FC       D6         0
                text4                               5B9      5B9       42         0
                text3                               55A      55A       5F         0
                text2                               6EE      6EE       48         0
                text1                               136      136       EC         0
                maintext                             32       32      104         0
                idataBANK0                          7FC      7FC        1         0

        CLASS   STRCODE        

        CLASS   STRING         
                strings                             600      600       53         0

        CLASS   CONST          

        CLASS   ENTRY          

        CLASS   COMMON         
                cstackCOMMON                         70       70        E         1

        CLASS   BANK0          
                cstackBANK0                          20       20       27         1
                dataBANK0                            4F       4F        1         1
                bssBANK0                             47       47        8         1

        CLASS   BANK1          
                cstackBANK1                          A0       A0       16         1
                bssBANK1                             B6       B6        7         1

        CLASS   BANK2          

        CLASS   BANK3          

        CLASS   RAM            

        CLASS   ABS1           
                abs_s1                               7E       7E        2         1

        CLASS   SFR0           

        CLASS   SFR1           

        CLASS   SFR2           

        CLASS   SFR3           

        CLASS   CONFIG         
                config                             2007     2007        2         4

        CLASS   IDLOC          
                idloc                              2000     2000        4         5

        CLASS   EEDATA         

        CLASS   STACK          



SEGMENTS        Name                           Load    Length   Top    Selector   Space  Class     Delta

                reset_vec                      000000  000003  000003         0       0  CODE        2
                intentry                       000004  0005F7  0005FB         8       0  CODE        2
                cstackBANK0                    000020  000030  000050        20       1  BANK0       1
                cstackCOMMON                   000070  00000E  00007E        70       1  COMMON      1
                cstackBANK1                    0000A0  00001D  0000BD        A0       1  BANK1       1
                strings                        000600  000053  000653       C00       0  STRING      2
                text12                         000653  0001AA  0007FD       CA6       0  CODE        2
                text13                         000EF0  000007  000EF7      1DE0       0  CODE        2
                text20                         000EF7  00000A  000F01      1DEE       0  CODE        2
                text8                          000F01  000011  000F12      1E02       0  CODE        2
                text10                         000F12  000018  000F2A      1E24       0  CODE        2
                text14                         000F2A  000019  000F43      1E54       0  CODE        2
                text11                         000F43  000022  000F65      1E86       0  CODE        2
                text7                          000F65  000026  000F8B      1ECA       0  CODE        2
                text18                         000F8B  00003A  000FC5      1F16       0  CODE        2
                text6                          000FC5  00003B  001000      1F8A       0  CODE        2


UNUSED ADDRESS RANGES

        Name                Unused          Largest block    Delta
        BANK0            0050-006F             20           1
        BANK1            00BD-00EF             33           1
        BANK2            0110-016F             60           1
        BANK3            0190-01EF             60           1
        CODE             0003-0003              1           2
                         05FB-05FF              5
                         07FD-0EEF              3
                         1000-1FFF            800
        CONST            0003-0003              1           2
                         05FB-05FF              5
                         07FD-0EEF            100
                         1000-1FFF            100
        EEDATA           2100-21FF            100           2
        ENTRY            0003-0003              1           2
                         05FB-05FF              5
                         07FD-0EEF            100
                         1000-1FFF            100
        RAM              0050-006F             20           1
                         00BD-00EF             33
                         0110-016F             60
                         0190-01EF             60
        SFR0             0000-001F             20           1
        SFR1             0080-009F             20           1
        SFR2             0100-010F             10           1
        SFR3             0180-018F             10           1
        STRCODE          0003-0003              1           2
                         05FB-05FF              5
                         07FD-0EEF            6F3
                         1000-1FFF           1000
        STRING           0003-0003              1           2
                         05FB-05FF              5
                         07FD-0EEF            100
                         1000-1FFF            100

                                  Symbol Table

?___aldiv                  cstackBANK0  0020
?___lmul                   cstackCOMMON 0070
?___lwdiv                  cstackBANK0  0040
?___lwmod                  cstackBANK1  00A3
?_mapear                   cstackBANK0  002E
?_read_ADC                 cstackCOMMON 0070
?_sprintf                  cstackBANK1  00A7
?i1___lwdiv                cstackCOMMON 0070
?i1___lwmod                cstackCOMMON 0078
?i1_sprintf                cstackBANK0  0020
Lcd_Cmd@a                  cstackBANK0  0042
Lcd_Port@a                 cstackBANK0  0040
Lcd_Set_Cursor@a           cstackBANK0  0044
Lcd_Set_Cursor@b           cstackBANK0  0043
Lcd_Set_Cursor@temp        cstackBANK0  0045
Lcd_Write_Char@a           cstackBANK0  0042
Lcd_Write_String@a         cstackBANK0  0043
Lcd_Write_String@i         cstackBANK0  0045
UART_config@baudrate       cstackBANK0  0040
UART_config@conection      cstackBANK0  0046
UART_config@fosc           cstackBANK0  0042
UART_write_char@a          cstackBANK0  0041
UART_write_string@i        cstackBANK0  0043
UART_write_string@txt      cstackBANK0  0044
_ADC                       bssBANK0     004B
_ADCON0                    (abs)        001F
_ADCON0bits                (abs)        001F
_ADCON1                    (abs)        009F
_ADRESH                    (abs)        001E
_ANSEL                     (abs)        0188
_ANSELH                    (abs)        0189
_ANSELHbits                (abs)        0189
_ANSELbits                 (abs)        0188
_BAUDCTL                   (abs)        0187
_INTCON                    (abs)        000B
_Lcd_Clear                 text13       0EF0
_Lcd_Cmd                   text14       0F2A
_Lcd_Init                  text12       0653
_Lcd_Port                  text15       07C0
_Lcd_Set_Cursor            text11       0F43
_Lcd_Write_Char            text10       0F12
_Lcd_Write_String          text9        04F4
_OPTION_REG                (abs)        0081
_OSCCON                    (abs)        008F
_PIE1                      (abs)        008C
_PIR1                      (abs)        000C
_PIR1bits                  (abs)        000C
_PORTA                     (abs)        0005
_PORTB                     (abs)        0006
_PORTBbits                 (abs)        0006
_PORTD                     (abs)        0008
_PORTDbits                 (abs)        0008
_PORTE                     (abs)        0009
_RCREG                     (abs)        001A
_RCSTA                     (abs)        0018
_SPBRG                     (abs)        0099
_SPBRGH                    (abs)        009A
_TRISAbits                 (abs)        0085
_TRISB                     (abs)        0086
_TRISBbits                 (abs)        0086
_TRISD                     (abs)        0088
_TRISE                     (abs)        0089
_TRISEbits                 (abs)        0089
_TXREG                     (abs)        0019
_TXSTA                     (abs)        0098
_UART_config               text6        0FC5
_UART_write_char           text8        0F01
_UART_write_string         text7        0F65
__Habs1                    abs1         0000
__Hbank0                   bank0        0000
__Hbank1                   bank1        0000
__Hbank2                   bank2        0000
__Hbank3                   bank3        0000
__HbssBANK0                bssBANK0     0000
__HbssBANK1                bssBANK1     0000
__Hcinit                   cinit        0032
__Hclrtext                 clrtext      0000
__Hcode                    code         0000
__Hcommon                  common       0000
__Hconfig                  config       2009
__HcstackBANK0             cstackBANK0  0000
__HcstackBANK1             cstackBANK1  0000
__HcstackCOMMON            cstackCOMMON 0000
__HdataBANK0               dataBANK0    0000
__Heeprom_data             eeprom_data  0000
__Hend_init                end_init     0015
__Hfunctab                 functab      0000
__HidataBANK0              idataBANK0   0000
__Hidloc                   idloc        2004
__Hinit                    init         0012
__Hintentry                intentry     0012
__Hmaintext                maintext     0000
__Hpowerup                 powerup      0000
__Hram                     ram          0000
__Hreset_vec               reset_vec    0003
__Hsfr0                    sfr0         0000
__Hsfr1                    sfr1         0000
__Hsfr2                    sfr2         0000
__Hsfr3                    sfr3         0000
__Hspace_0                 (abs)        1000
__Hspace_1                 (abs)        00BD
__Hspace_2                 (abs)        0000
__Hspace_3                 (abs)        0000
__Hspace_4                 (abs)        4010
__Hstack                   stack        0000
__Hstrings                 strings      0000
__Htext                    text         0000
__Labs1                    abs1         0000
__Lbank0                   bank0        0000
__Lbank1                   bank1        0000
__Lbank2                   bank2        0000
__Lbank3                   bank3        0000
__LbssBANK0                bssBANK0     0000
__LbssBANK1                bssBANK1     0000
__Lcinit                   cinit        0015
__Lclrtext                 clrtext      0000
__Lcode                    code         0000
__Lcommon                  common       0000
__Lconfig                  config       0000
__LcstackBANK0             cstackBANK0  0000
__LcstackBANK1             cstackBANK1  0000
__LcstackCOMMON            cstackCOMMON 0000
__LdataBANK0               dataBANK0    0000
__Leeprom_data             eeprom_data  0000
__Lend_init                end_init     0012
__Lfunctab                 functab      0000
__LidataBANK0              idataBANK0   0000
__Lidloc                   idloc        0000
__Linit                    init         0012
__Lintentry                intentry     0004
__Lmaintext                maintext     0000
__Lpowerup                 powerup      0000
__Lram                     ram          0000
__Lreset_vec               reset_vec    0000
__Lsfr0                    sfr0         0000
__Lsfr1                    sfr1         0000
__Lsfr2                    sfr2         0000
__Lsfr3                    sfr3         0000
__Lspace_0                 (abs)        0000
__Lspace_1                 (abs)        0000
__Lspace_2                 (abs)        0000
__Lspace_3                 (abs)        0000
__Lspace_4                 (abs)        0000
__Lstack                   stack        0000
__Lstrings                 strings      0000
__Ltext                    text         0000
__S0                       (abs)        1000
__S1                       (abs)        00BD
__S3                       (abs)        0000
___aldiv                   text23       03D2
___aldiv@counter           cstackBANK0  0028
___aldiv@dividend          cstackBANK0  0024
___aldiv@divisor           cstackBANK0  0020
___aldiv@quotient          cstackBANK0  002A
___aldiv@sign              cstackBANK0  0029
___int_sp                  stack        0000
___latbits                 (abs)        0002
___lmul                    text22       0736
___lmul@multiplicand       cstackCOMMON 0074
___lmul@multiplier         cstackCOMMON 0070
___lmul@product            cstackCOMMON 0079
___lwdiv                   text3        055A
___lwdiv@counter           cstackBANK1  00A0
___lwdiv@dividend          cstackBANK0  0042
___lwdiv@divisor           cstackBANK0  0040
___lwdiv@quotient          cstackBANK1  00A1
___lwmod                   text2        06EE
___lwmod@counter           cstackBANK0  0046
___lwmod@dividend          cstackBANK1  00A5
___lwmod@divisor           cstackBANK1  00A3
___sp                      stack        0000
___stackhi                 (abs)        0000
___stacklo                 (abs)        0000
__end_of_Lcd_Clear         text13       0EF7
__end_of_Lcd_Cmd           text14       0F43
__end_of_Lcd_Init          text12       06A2
__end_of_Lcd_Port          text15       07FC
__end_of_Lcd_Set_Cursor    text11       0F65
__end_of_Lcd_Write_Char    text10       0F2A
__end_of_Lcd_Write_String  text9        055A
__end_of_UART_config       text6        1000
__end_of_UART_write_char   text8        0F12
__end_of_UART_write_string text7        0F8B
__end_of___aldiv           text23       046F
__end_of___lmul            text22       077C
__end_of___lwdiv           text3        05B9
__end_of___lwmod           text2        0736
__end_of__initialization   cinit        002E
__end_of__stringtab        strings      0610
__end_of_dpowers           strings      061A
__end_of_isr               text16       04F4
__end_of_main              maintext     0136
__end_of_mapear            text21       06EE
__end_of_read_ADC          text20       0F01
__end_of_setup             text4        05FB
__end_of_setup_ADC         text5        03D2
__end_of_sprintf           text1        0222
__end_ofi1___lwdiv         text19       07C0
__end_ofi1___lwmod         text18       0FC5
__end_ofi1_sprintf         text17       02FC
__initialization           cinit        0015
__pbssBANK0                bssBANK0     0047
__pbssBANK1                bssBANK1     00B6
__pcstackBANK0             cstackBANK0  0020
__pcstackBANK1             cstackBANK1  00A0
__pcstackCOMMON            cstackCOMMON 0070
__pdataBANK0               dataBANK0    004F
__pidataBANK0              idataBANK0   07FC
__pintentry                intentry     0004
__pmaintext                maintext     0032
__pstrings                 strings      0600
__ptext1                   text1        0136
__ptext10                  text10       0F12
__ptext11                  text11       0F43
__ptext12                  text12       0653
__ptext13                  text13       0EF0
__ptext14                  text14       0F2A
__ptext15                  text15       07C0
__ptext16                  text16       046F
__ptext17                  text17       0222
__ptext18                  text18       0F8B
__ptext19                  text19       077C
__ptext2                   text2        06EE
__ptext20                  text20       0EF7
__ptext21                  text21       06A2
__ptext22                  text22       0736
__ptext23                  text23       03D2
__ptext3                   text3        055A
__ptext4                   text4        05B9
__ptext5                   text5        02FC
__ptext6                   text6        0FC5
__ptext7                   text7        0F65
__ptext8                   text8        0F01
__ptext9                   text9        04F4
__stringbase               strings      060F
__stringtab                strings      0600
_cADC                      bssBANK0     004D
_charcontador              bssBANK1     00BB
_condicion                 bssBANK0     0049
_contador                  bssBANK1     00B6
_dpowers                   strings      0610
_esperar                   bssBANK0     0047
_indicador                 dataBANK0    004F
_isr                       text16       046F
_main                      maintext     0032
_mapear                    text21       06A2
_ncADC                     bssBANK1     00B7
_read_ADC                  text20       0EF7
_setup                     text4        05B9
_setup_ADC                 text5        02FC
_sprintf                   text1        0136
btemp                      (abs)        007E
end_of_initialization      cinit        002E
i1___lwdiv                 text19       077C
i1___lwdiv@counter         cstackCOMMON 0077
i1___lwdiv@dividend        cstackCOMMON 0072
i1___lwdiv@divisor         cstackCOMMON 0070
i1___lwdiv@quotient        cstackCOMMON 0075
i1___lwmod                 text18       0F8B
i1___lwmod@counter         cstackCOMMON 007D
i1___lwmod@dividend        cstackCOMMON 007A
i1___lwmod@divisor         cstackCOMMON 0078
i1_sprintf                 text17       0222
i1sprintf@ap               cstackBANK0  0026
i1sprintf@c                cstackBANK0  002C
i1sprintf@f                cstackBANK0  0020
i1sprintf@flag             cstackBANK0  0027
i1sprintf@prec             cstackBANK0  0028
i1sprintf@sp               cstackBANK0  002B
i1sprintf@val              cstackBANK0  0029
interrupt_function         intentry     0004
intlevel0                  functab      0000
intlevel1                  functab      0000
intlevel2                  functab      0000
intlevel3                  functab      0000
intlevel4                  functab      0000
intlevel5                  functab      0000
mapear@max                 cstackBANK0  0032
mapear@min                 cstackBANK0  0030
mapear@nmax                cstackBANK0  0036
mapear@nmin                cstackBANK0  0034
mapear@nvalor              cstackBANK0  0038
mapear@valor               cstackBANK0  002E
reset_vec                  reset_vec    0000
saved_w                    (abs)        007E
setup_ADC@channel          cstackBANK0  0040
sprintf@ap                 cstackBANK1  00AD
sprintf@c                  cstackBANK1  00B3
sprintf@f                  cstackBANK1  00A7
sprintf@flag               cstackBANK1  00AE
sprintf@prec               cstackBANK1  00AF
sprintf@sp                 cstackBANK1  00B2
sprintf@val                cstackBANK1  00B0
start                      init         0012
start_initialization       cinit        0015
wtemp0                     (abs)        007E


MODULE INFORMATION

Module		Function		Class		Link	Load	Size
UART.c
		_UART_write_string		CODE           	0F65	0000	38
		_UART_write_char		CODE           	0F01	0000	17
		_UART_config   		CODE           	0FC5	0000	59

UART.c estimated size: 114

C:\Program Files\Microchip\xc8\v2.40\pic\sources\c90\common\aldiv.c
		___aldiv       		CODE           	03D2	0000	157

C:\Program Files\Microchip\xc8\v2.40\pic\sources\c90\common\aldiv.c estimated size: 157

Principal.c
		_main          		CODE           	0032	0000	260
		_isr           		CODE           	046F	0000	133
		_mapear        		CODE           	06A2	0000	76
		_setup         		CODE           	05B9	0000	66

Principal.c estimated size: 535

C:\Program Files\Microchip\xc8\v2.40\pic\sources\c90\common\doprnt.c
		_sprintf       		CODE           	0136	0000	236

C:\Program Files\Microchip\xc8\v2.40\pic\sources\c90\common\doprnt.c estimated size: 236

C:\Program Files\Microchip\xc8\v2.40\pic\sources\c90\common\lwmod.c
		___lwmod       		CODE           	06EE	0000	72

C:\Program Files\Microchip\xc8\v2.40\pic\sources\c90\common\lwmod.c estimated size: 72

shared
		__stringtab    		STRING         	0600	0000	16
		i1___lwdiv     		CODE           	077C	0000	68
		_dpowers       		STRING         	0610	0000	10
		i1___lwmod     		CODE           	0F8B	0000	58
		__initialization		CODE           	0015	0000	25
		i1_sprintf     		CODE           	0222	0000	218

shared estimated size: 395

ADC_int.c
		_setup_ADC     		CODE           	02FC	0000	214
		_read_ADC      		CODE           	0EF7	0000	10

ADC_int.c estimated size: 224

C:\Program Files\Microchip\xc8\v2.40\pic\sources\c90\common\Umul32.c
		___lmul        		CODE           	0736	0000	70

C:\Program Files\Microchip\xc8\v2.40\pic\sources\c90\common\Umul32.c estimated size: 70

C:\Program Files\Microchip\xc8\v2.40\pic\sources\c90\common\lwdiv.c
		___lwdiv       		CODE           	055A	0000	95

C:\Program Files\Microchip\xc8\v2.40\pic\sources\c90\common\lwdiv.c estimated size: 95

LCD.c
		_Lcd_Write_String		CODE           	04F4	0000	102
		_Lcd_Init      		CODE           	0653	0000	79
		_Lcd_Write_Char		CODE           	0F12	0000	24
		_Lcd_Cmd       		CODE           	0F2A	0000	25
		_Lcd_Set_Cursor		CODE           	0F43	0000	34
		_Lcd_Clear     		CODE           	0EF0	0000	7
		_Lcd_Port      		CODE           	07C0	0000	60

LCD.c estimated size: 331

